Archive member included to satisfy reference by file (symbol)

lib/orangescrt.a(printf.o)    kernel/main.o (printf)
lib/orangescrt.a(vsprintf.o)  kernel/main.o (vsprintf)
lib/orangescrt.a(string.o)    kernel/start.o (memcpy)
lib/orangescrt.a(misc.o)      kernel/main.o (send_recv)
lib/orangescrt.a(ls.o)        kernel/main.o (ls)
lib/orangescrt.a(mkdir.o)     kernel/main.o (mkdir)
lib/orangescrt.a(open.o)      kernel/main.o (open)
lib/orangescrt.a(read.o)      kernel/main.o (read)
lib/orangescrt.a(write.o)     kernel/main.o (write)
lib/orangescrt.a(close.o)     kernel/main.o (close)
lib/orangescrt.a(lseek.o)     kernel/main.o (lseek)
lib/orangescrt.a(getpid.o)    fs/disklog.o (getpid)
lib/orangescrt.a(stat.o)      mm/exec.o (stat)
lib/orangescrt.a(fork.o)      kernel/main.o (fork)
lib/orangescrt.a(wait.o)      kernel/main.o (wait)
lib/orangescrt.a(exec.o)      kernel/main.o (execv)
lib/orangescrt.a(syscall.o)   lib/orangescrt.a(misc.o) (sendrec)

Allocating common symbols
Common symbol       size              file

idt_ptr             0x6               kernel/global.o
inode_table         0xb00             kernel/global.o
task_stack          0x24000           kernel/global.o
k_reenter           0x4               kernel/global.o
gdt                 0x400             kernel/global.o
current_console     0x4               kernel/global.o
pcaller             0x4               kernel/global.o
tty_table           0xc6c             kernel/global.o
tss                 0x68              kernel/global.o
fs_msg              0x30              kernel/global.o
memory_size         0x4               kernel/global.o
f_desc_table        0x400             kernel/global.o
root_inode          0x4               kernel/global.o
disp_pos            0x4               kernel/global.o
mm_msg              0x30              kernel/global.o
key_pressed         0x4               kernel/global.o
gdt_ptr             0x6               kernel/global.o
idt                 0x800             kernel/global.o
super_block         0x1e0             kernel/global.o
PARTITION_ENTRY     0x10              kernel/hd.o
ticks               0x4               kernel/global.o
console_table       0x3c              kernel/global.o
irq_table           0x40              kernel/global.o
p_proc_ready        0x4               kernel/global.o
proc_table          0x3af8            kernel/global.o

Discarded input sections

 .note.GNU-stack
                0x0000000000000000        0x0 kernel/start.o
 .note.GNU-stack
                0x0000000000000000        0x0 kernel/main.o
 .note.GNU-stack
                0x0000000000000000        0x0 kernel/clock.o
 .note.GNU-stack
                0x0000000000000000        0x0 kernel/keyboard.o
 .note.GNU-stack
                0x0000000000000000        0x0 kernel/tty.o
 .note.GNU-stack
                0x0000000000000000        0x0 kernel/console.o
 .note.GNU-stack
                0x0000000000000000        0x0 kernel/i8259.o
 .note.GNU-stack
                0x0000000000000000        0x0 kernel/global.o
 .note.GNU-stack
                0x0000000000000000        0x0 kernel/protect.o
 .note.GNU-stack
                0x0000000000000000        0x0 kernel/proc.o
 .note.GNU-stack
                0x0000000000000000        0x0 kernel/systask.o
 .note.GNU-stack
                0x0000000000000000        0x0 kernel/hd.o
 .note.GNU-stack
                0x0000000000000000        0x0 kernel/klib.o
 .note.GNU-stack
                0x0000000000000000        0x0 lib/syslog.o
 .note.GNU-stack
                0x0000000000000000        0x0 mm/main.o
 .note.GNU-stack
                0x0000000000000000        0x0 mm/forkexit.o
 .note.GNU-stack
                0x0000000000000000        0x0 mm/exec.o
 .note.GNU-stack
                0x0000000000000000        0x0 fs/main.o
 .note.GNU-stack
                0x0000000000000000        0x0 fs/open.o
 .note.GNU-stack
                0x0000000000000000        0x0 fs/misc.o
 .note.GNU-stack
                0x0000000000000000        0x0 fs/read_write.o
 .note.GNU-stack
                0x0000000000000000        0x0 fs/link.o
 .note.GNU-stack
                0x0000000000000000        0x0 fs/disklog.o
 .note.GNU-stack
                0x0000000000000000        0x0 lib/orangescrt.a(printf.o)
 .note.GNU-stack
                0x0000000000000000        0x0 lib/orangescrt.a(vsprintf.o)
 .note.GNU-stack
                0x0000000000000000        0x0 lib/orangescrt.a(misc.o)
 .note.GNU-stack
                0x0000000000000000        0x0 lib/orangescrt.a(ls.o)
 .note.GNU-stack
                0x0000000000000000        0x0 lib/orangescrt.a(mkdir.o)
 .note.GNU-stack
                0x0000000000000000        0x0 lib/orangescrt.a(open.o)
 .note.GNU-stack
                0x0000000000000000        0x0 lib/orangescrt.a(read.o)
 .note.GNU-stack
                0x0000000000000000        0x0 lib/orangescrt.a(write.o)
 .note.GNU-stack
                0x0000000000000000        0x0 lib/orangescrt.a(close.o)
 .note.GNU-stack
                0x0000000000000000        0x0 lib/orangescrt.a(lseek.o)
 .note.GNU-stack
                0x0000000000000000        0x0 lib/orangescrt.a(getpid.o)
 .note.GNU-stack
                0x0000000000000000        0x0 lib/orangescrt.a(stat.o)
 .note.GNU-stack
                0x0000000000000000        0x0 lib/orangescrt.a(fork.o)
 .note.GNU-stack
                0x0000000000000000        0x0 lib/orangescrt.a(wait.o)
 .note.GNU-stack
                0x0000000000000000        0x0 lib/orangescrt.a(exec.o)

Memory Configuration

Name             Origin             Length             Attributes
*default*        0x0000000000000000 0xffffffffffffffff

Linker script and memory map

Address of section .text set to 0x1000
LOAD kernel/kernel.o
LOAD kernel/start.o
LOAD kernel/main.o
LOAD kernel/clock.o
LOAD kernel/keyboard.o
LOAD kernel/tty.o
LOAD kernel/console.o
LOAD kernel/i8259.o
LOAD kernel/global.o
LOAD kernel/protect.o
LOAD kernel/proc.o
LOAD kernel/systask.o
LOAD kernel/hd.o
LOAD kernel/kliba.o
LOAD kernel/klib.o
LOAD lib/syslog.o
LOAD mm/main.o
LOAD mm/forkexit.o
LOAD mm/exec.o
LOAD fs/main.o
LOAD fs/open.o
LOAD fs/misc.o
LOAD fs/read_write.o
LOAD fs/link.o
LOAD fs/disklog.o
LOAD lib/orangescrt.a
                0x0000000008048000                PROVIDE (__executable_start, 0x8048000)
                0x0000000008048094                . = (0x8048000 + SIZEOF_HEADERS)

.interp
 *(.interp)

.note.gnu.build-id
 *(.note.gnu.build-id)

.hash
 *(.hash)

.gnu.hash
 *(.gnu.hash)

.dynsym
 *(.dynsym)

.dynstr
 *(.dynstr)

.gnu.version
 *(.gnu.version)

.gnu.version_d
 *(.gnu.version_d)

.gnu.version_r
 *(.gnu.version_r)

.rel.dyn        0x0000000008048094        0x0
 *(.rel.init)
 *(.rel.text .rel.text.* .rel.gnu.linkonce.t.*)
 .rel.text      0x0000000000000000        0x0 kernel/kernel.o
 *(.rel.fini)
 *(.rel.rodata .rel.rodata.* .rel.gnu.linkonce.r.*)
 *(.rel.data.rel.ro .rel.data.rel.ro.* .rel.gnu.linkonce.d.rel.ro.*)
 *(.rel.data .rel.data.* .rel.gnu.linkonce.d.*)
 .rel.data      0x0000000000000000        0x0 kernel/kernel.o
 *(.rel.tdata .rel.tdata.* .rel.gnu.linkonce.td.*)
 *(.rel.tbss .rel.tbss.* .rel.gnu.linkonce.tb.*)
 *(.rel.ctors)
 *(.rel.dtors)
 *(.rel.got)
 *(.rel.bss .rel.bss.* .rel.gnu.linkonce.b.*)
 *(.rel.ifunc)

.rel.plt        0x0000000008048094        0x0
 *(.rel.plt)
                0x0000000008048094                PROVIDE (__rel_iplt_start, .)
 *(.rel.iplt)
 .rel.iplt      0x0000000000000000        0x0 kernel/kernel.o
                0x0000000008048094                PROVIDE (__rel_iplt_end, .)

.init
 *(SORT(.init))

.plt            0x00000000080480a0        0x0
 *(.plt)
 *(.iplt)
 .iplt          0x0000000000000000        0x0 kernel/kernel.o

.text           0x0000000000001000     0xfa38
 *(.text.unlikely .text.*_unlikely .text.unlikely.*)
 *(.text.exit .text.exit.*)
 *(.text.startup .text.startup.*)
 *(.text.hot .text.hot.*)
 *(.text .stub .text.* .gnu.linkonce.t.*)
 .text          0x0000000000001000      0x410 kernel/kernel.o
                0x0000000000001000                _start
                0x0000000000001040                hwint00
                0x0000000000001070                hwint01
                0x00000000000010a0                hwint02
                0x00000000000010d0                hwint03
                0x0000000000001100                hwint04
                0x0000000000001130                hwint05
                0x0000000000001160                hwint06
                0x0000000000001190                hwint07
                0x00000000000011c0                hwint08
                0x00000000000011f0                hwint09
                0x0000000000001220                hwint10
                0x0000000000001250                hwint11
                0x0000000000001280                hwint12
                0x00000000000012b0                hwint13
                0x00000000000012e0                hwint14
                0x0000000000001310                hwint15
                0x0000000000001334                divide_error
                0x000000000000133a                single_step_exception
                0x0000000000001340                nmi
                0x0000000000001346                breakpoint_exception
                0x000000000000134c                overflow
                0x0000000000001352                bounds_check
                0x0000000000001358                inval_opcode
                0x000000000000135e                copr_not_available
                0x0000000000001364                double_fault
                0x0000000000001368                copr_seg_overrun
                0x000000000000136e                inval_tss
                0x0000000000001372                segment_not_present
                0x0000000000001376                stack_exception
                0x000000000000137a                general_protection
                0x000000000000137e                page_fault
                0x0000000000001382                copr_error
                0x00000000000013cb                sys_call
                0x00000000000013eb                restart
 .text          0x0000000000001410       0x8e kernel/start.o
                0x0000000000001410                cstart
 .text          0x000000000000149e     0x3592 kernel/main.o
                0x000000000000149e                p0
                0x00000000000014ce                animation
                0x0000000000003711                kernel_main
                0x0000000000003a46                get_ticks
                0x0000000000003a7e                untar
                0x0000000000003d6b                shabby_shell
                0x0000000000003fc7                clear
                0x0000000000004052                clearArr
                0x000000000000407a                addTwoString
                0x0000000000004110                shell
                0x0000000000004925                Init
                0x000000000000492a                TestA
                0x000000000000493e                TestB
                0x0000000000004943                TestC
                0x0000000000004948                panic
                0x0000000000004998                help
 .text          0x0000000000004a30      0x115 kernel/clock.o
                0x0000000000004a30                clock_handler
                0x0000000000004aa8                milli_delay
                0x0000000000004ae1                init_clock
 .text          0x0000000000004b45      0x6cf kernel/keyboard.o
                0x0000000000004b45                keyboard_handler
                0x0000000000004bab                init_keyboard
                0x0000000000004c5a                keyboard_read
 .text          0x0000000000005214      0x9d3 kernel/tty.o
                0x0000000000005214                task_tty
                0x00000000000053c8                in_process
                0x00000000000058ee                sys_printx
                0x0000000000005a90                dump_tty_buf
 .text          0x0000000000005be7      0x7e1 kernel/console.o
                0x0000000000005be7                init_screen
                0x0000000000005d58                out_char
                0x0000000000006015                clear_screen
                0x000000000000604e                is_current_console
                0x0000000000006143                select_console
                0x000000000000617e                scroll_screen
 .text          0x00000000000063c8      0x13c kernel/i8259.o
                0x00000000000063c8                init_8259A
                0x00000000000064b9                spurious_irq
                0x00000000000064e4                put_irq_handler
 .text          0x0000000000006504        0x0 kernel/global.o
 .text          0x0000000000006504      0x842 kernel/protect.o
                0x0000000000006504                init_prot
                0x0000000000006b5e                seg2linear
                0x0000000000006bad                init_desc
                0x0000000000006c19                exception_handler
 .text          0x0000000000006d46     0x18aa kernel/proc.o
                0x0000000000006d46                schedule
                0x0000000000006dd1                sys_sendrec
                0x0000000000006f30                ldt_seg_linear
                0x0000000000006f7a                va2la
                0x0000000000006fe9                reset_msg
                0x0000000000007fb0                inform_int
                0x0000000000008146                dump_proc
                0x00000000000084a9                dump_msg
 .text          0x00000000000085f0      0x2cf kernel/systask.o
                0x00000000000085f0                task_sys
 .text          0x00000000000088bf      0xd88 kernel/hd.o
                0x00000000000088bf                task_hd
                0x0000000000009622                hd_handler
 *fill*         0x0000000000009647        0x9 
 .text          0x0000000000009650      0x19a kernel/kliba.o
                0x0000000000009650                disp_str
                0x000000000000968e                disp_color_str
                0x00000000000096cd                out_byte
                0x00000000000096d9                in_byte
                0x00000000000096e3                port_read
                0x00000000000096f6                port_write
                0x0000000000009709                disable_irq
                0x000000000000973e                enable_irq
                0x000000000000975d                disable_int
                0x000000000000975f                enable_int
                0x0000000000009761                glitter
 .text          0x00000000000097ea      0x2d2 kernel/klib.o
                0x00000000000097ea                get_boot_params
                0x000000000000988a                get_kernel_map
                0x00000000000099a6                itoa
                0x0000000000009a51                disp_int
                0x0000000000009a76                delay
 .text          0x0000000000009abc       0x75 lib/syslog.o
                0x0000000000009abc                syslog
 .text          0x0000000000009b31      0x1d9 mm/main.o
                0x0000000000009b31                task_mm
                0x0000000000009c77                alloc_mem
                0x0000000000009d00                free_mem
 .text          0x0000000000009d0a      0x620 mm/forkexit.o
                0x0000000000009d0a                do_fork
                0x000000000000a0a6                do_exit
                0x000000000000a271                do_wait
 .text          0x000000000000a32a      0x392 mm/exec.o
                0x000000000000a32a                do_exec
 .text          0x000000000000a6bc     0x12e4 fs/main.o
                0x000000000000a6bc                task_fs
                0x000000000000b33e                rw_sector
                0x000000000000b578                get_super_block
                0x000000000000b5be                get_inode
                0x000000000000b72c                put_inode
                0x000000000000b771                sync_inode
 .text          0x000000000000b9a0     0x1020 fs/open.o
                0x000000000000b9a0                do_open
                0x000000000000bff3                do_close
                0x000000000000c06a                do_ls
                0x000000000000c279                do_mkdir
                0x000000000000c36a                do_lseek
 .text          0x000000000000c9c0      0x3f6 fs/misc.o
                0x000000000000c9c0                do_stat
                0x000000000000cbb1                search_file
                0x000000000000cd2a                strip_path
 .text          0x000000000000cdb6      0x522 fs/read_write.o
                0x000000000000cdb6                do_rdwt
 .text          0x000000000000d2d8      0x8f6 fs/link.o
                0x000000000000d2d8                do_unlink
 .text          0x000000000000dbce     0x2142 fs/disklog.o
                0x000000000000dbce                disklog
                0x000000000000e214                dump_fd_graph
 .text          0x000000000000fd10       0xc0 lib/orangescrt.a(printf.o)
                0x000000000000fd10                printf
                0x000000000000fd8f                printl
 .text          0x000000000000fdd0      0x318 lib/orangescrt.a(vsprintf.o)
                0x000000000000fe33                vsprintf
                0x00000000000100be                sprintf
 *fill*         0x00000000000100e8        0x8 
 .text          0x00000000000100f0       0x78 lib/orangescrt.a(string.o)
                0x00000000000100f0                memcpy
                0x0000000000010119                memset
                0x000000000001013a                strcpy
                0x0000000000010152                strlen
 .text          0x0000000000010168      0x288 lib/orangescrt.a(misc.o)
                0x0000000000010168                send_recv
                0x0000000000010248                memcmp
                0x00000000000102be                strcmp
                0x0000000000010330                strcat
                0x000000000001038f                spin
                0x00000000000103aa                assertion_failure
 .text          0x00000000000103f0       0x48 lib/orangescrt.a(ls.o)
                0x00000000000103f0                ls
 .text          0x0000000000010438       0x74 lib/orangescrt.a(mkdir.o)
                0x0000000000010438                mkdir
 .text          0x00000000000104ac       0x73 lib/orangescrt.a(open.o)
                0x00000000000104ac                open
 .text          0x000000000001051f       0x3f lib/orangescrt.a(read.o)
                0x000000000001051f                read
 .text          0x000000000001055e       0x3f lib/orangescrt.a(write.o)
                0x000000000001055e                write
 .text          0x000000000001059d       0x33 lib/orangescrt.a(close.o)
                0x000000000001059d                close
 .text          0x00000000000105d0       0x3f lib/orangescrt.a(lseek.o)
                0x00000000000105d0                lseek
 .text          0x000000000001060f       0x59 lib/orangescrt.a(getpid.o)
                0x000000000001060f                getpid
 .text          0x0000000000010668       0x73 lib/orangescrt.a(stat.o)
                0x0000000000010668                stat
 .text          0x00000000000106db       0x84 lib/orangescrt.a(fork.o)
                0x00000000000106db                fork
 .text          0x000000000001075f       0x44 lib/orangescrt.a(wait.o)
                0x000000000001075f                wait
 .text          0x00000000000107a3      0x263 lib/orangescrt.a(exec.o)
                0x00000000000107a3                exec
                0x000000000001081e                execl
                0x0000000000010844                execv
 *fill*         0x0000000000010a06        0xa 
 .text          0x0000000000010a10       0x28 lib/orangescrt.a(syscall.o)
                0x0000000000010a10                sendrec
                0x0000000000010a2a                printx
 *(.gnu.warning)

.fini
 *(SORT(.fini))
                0x0000000000010a38                PROVIDE (__etext, .)
                0x0000000000010a38                PROVIDE (_etext, .)
                0x0000000000010a38                PROVIDE (etext, .)

.rodata         0x0000000000010a40     0x2a87
 *(.rodata .rodata.* .gnu.linkonce.r.*)
 .rodata        0x0000000000010a40       0x47 kernel/start.o
 *fill*         0x0000000000010a87        0x1 
 .rodata        0x0000000000010a88      0x5b5 kernel/main.o
 *fill*         0x000000000001103d        0x3 
 .rodata        0x0000000000011040       0x64 kernel/keyboard.o
 .rodata        0x00000000000110a4      0x13c kernel/tty.o
 .rodata        0x00000000000111e0       0x5b kernel/console.o
 .rodata        0x000000000001123b       0x11 kernel/i8259.o
 .rodata        0x000000000001124c       0x10 kernel/global.o
                0x000000000001124c                FSBUF_SIZE
                0x0000000000011250                MMBUF_SIZE
                0x0000000000011254                LOGBUF_SIZE
                0x0000000000011258                LOGDISKBUF_SIZE
 *fill*         0x000000000001125c        0x4 
 .rodata        0x0000000000011260      0x580 kernel/protect.o
 .rodata        0x00000000000117e0      0x5da kernel/proc.o
 .rodata        0x0000000000011dba       0x11 kernel/systask.o
 *fill*         0x0000000000011dcb        0x1 
 .rodata        0x0000000000011dcc      0x15c kernel/hd.o
 .rodata        0x0000000000011f28       0x6a kernel/klib.o
 .rodata        0x0000000000011f92       0x1e lib/syslog.o
 .rodata        0x0000000000011fb0       0xb1 mm/main.o
 *fill*         0x0000000000012061        0x3 
 .rodata        0x0000000000012064       0xe7 mm/forkexit.o
 *fill*         0x000000000001214b        0x1 
 .rodata        0x000000000001214c       0xa4 mm/exec.o
 .rodata        0x00000000000121f0      0x30e fs/main.o
 *fill*         0x00000000000124fe        0x2 
 .rodata        0x0000000000012500      0x240 fs/open.o
 .rodata        0x0000000000012740       0x60 fs/misc.o
 .rodata        0x00000000000127a0      0x164 fs/read_write.o
 .rodata        0x0000000000012904      0x1ad fs/link.o
 *fill*         0x0000000000012ab1        0x3 
 .rodata        0x0000000000012ab4      0x806 fs/disklog.o
 .rodata        0x00000000000132ba       0x14 lib/orangescrt.a(printf.o)
 *fill*         0x00000000000132ce        0x2 
 .rodata        0x00000000000132d0       0xad lib/orangescrt.a(misc.o)
 .rodata        0x000000000001337d       0x24 lib/orangescrt.a(mkdir.o)
 .rodata        0x00000000000133a1       0x23 lib/orangescrt.a(open.o)
 .rodata        0x00000000000133c4       0x25 lib/orangescrt.a(getpid.o)
 .rodata        0x00000000000133e9       0x23 lib/orangescrt.a(stat.o)
 .rodata        0x000000000001340c       0x33 lib/orangescrt.a(fork.o)
 *fill*         0x000000000001343f        0x1 
 .rodata        0x0000000000013440       0x87 lib/orangescrt.a(exec.o)

.rodata1
 *(.rodata1)

.eh_frame_hdr
 *(.eh_frame_hdr)

.eh_frame       0x00000000000134c8     0x1448
 *(.eh_frame)
 .eh_frame      0x00000000000134c8       0x38 kernel/start.o
 .eh_frame      0x0000000000013500      0x1ec kernel/main.o
                                        0x204 (size before relaxing)
 .eh_frame      0x00000000000136ec       0x60 kernel/clock.o
                                         0x78 (size before relaxing)
 .eh_frame      0x000000000001374c       0xe0 kernel/keyboard.o
                                         0xf8 (size before relaxing)
 .eh_frame      0x000000000001382c      0x13c kernel/tty.o
                                        0x154 (size before relaxing)
 .eh_frame      0x0000000000013968      0x148 kernel/console.o
                                        0x160 (size before relaxing)
 .eh_frame      0x0000000000013ab0       0x60 kernel/i8259.o
                                         0x78 (size before relaxing)
 .eh_frame      0x0000000000013b10       0xb0 kernel/protect.o
                                         0xc8 (size before relaxing)
 .eh_frame      0x0000000000013bc0      0x1c0 kernel/proc.o
                                        0x1d8 (size before relaxing)
 .eh_frame      0x0000000000013d80       0x5c kernel/systask.o
                                         0x74 (size before relaxing)
 .eh_frame      0x0000000000013ddc      0x1e8 kernel/hd.o
                                        0x200 (size before relaxing)
 .eh_frame      0x0000000000013fc4       0xa0 kernel/klib.o
                                         0xb8 (size before relaxing)
 .eh_frame      0x0000000000014064       0x20 lib/syslog.o
                                         0x38 (size before relaxing)
 .eh_frame      0x0000000000014084       0x7c mm/main.o
                                         0x94 (size before relaxing)
 .eh_frame      0x0000000000014100       0x90 mm/forkexit.o
                                         0xa8 (size before relaxing)
 .eh_frame      0x0000000000014190       0x2c mm/exec.o
                                         0x44 (size before relaxing)
 .eh_frame      0x00000000000141bc      0x174 fs/main.o
                                        0x18c (size before relaxing)
 .eh_frame      0x0000000000014330      0x194 fs/open.o
                                        0x1ac (size before relaxing)
 .eh_frame      0x00000000000144c4       0x70 fs/misc.o
                                         0x88 (size before relaxing)
 .eh_frame      0x0000000000014534       0x2c fs/read_write.o
                                         0x44 (size before relaxing)
 .eh_frame      0x0000000000014560       0x2c fs/link.o
                                         0x44 (size before relaxing)
 .eh_frame      0x000000000001458c       0x60 fs/disklog.o
                                         0x78 (size before relaxing)
 .eh_frame      0x00000000000145ec       0x40 lib/orangescrt.a(printf.o)
                                         0x58 (size before relaxing)
 .eh_frame      0x000000000001462c       0x68 lib/orangescrt.a(vsprintf.o)
                                         0x80 (size before relaxing)
 .eh_frame      0x0000000000014694       0xbc lib/orangescrt.a(misc.o)
                                         0xd4 (size before relaxing)
 .eh_frame      0x0000000000014750       0x20 lib/orangescrt.a(ls.o)
                                         0x38 (size before relaxing)
 .eh_frame      0x0000000000014770       0x20 lib/orangescrt.a(mkdir.o)
                                         0x38 (size before relaxing)
 .eh_frame      0x0000000000014790       0x20 lib/orangescrt.a(open.o)
                                         0x38 (size before relaxing)
 .eh_frame      0x00000000000147b0       0x20 lib/orangescrt.a(read.o)
                                         0x38 (size before relaxing)
 .eh_frame      0x00000000000147d0       0x20 lib/orangescrt.a(write.o)
                                         0x38 (size before relaxing)
 .eh_frame      0x00000000000147f0       0x20 lib/orangescrt.a(close.o)
                                         0x38 (size before relaxing)
 .eh_frame      0x0000000000014810       0x20 lib/orangescrt.a(lseek.o)
                                         0x38 (size before relaxing)
 .eh_frame      0x0000000000014830       0x20 lib/orangescrt.a(getpid.o)
                                         0x38 (size before relaxing)
 .eh_frame      0x0000000000014850       0x20 lib/orangescrt.a(stat.o)
                                         0x38 (size before relaxing)
 .eh_frame      0x0000000000014870       0x20 lib/orangescrt.a(fork.o)
                                         0x38 (size before relaxing)
 .eh_frame      0x0000000000014890       0x20 lib/orangescrt.a(wait.o)
                                         0x38 (size before relaxing)
 .eh_frame      0x00000000000148b0       0x60 lib/orangescrt.a(exec.o)
                                         0x78 (size before relaxing)

.gcc_except_table
 *(.gcc_except_table .gcc_except_table.*)

.exception_ranges
 *(.exception_ranges .exception_ranges*)
                0x0000000000014910                . = (ALIGN (0x1000) - ((0x1000 - .) & 0xfff))
                0x0000000000015000                . = DATA_SEGMENT_ALIGN (0x1000, 0x1000)

.eh_frame
 *(.eh_frame)

.gcc_except_table
 *(.gcc_except_table .gcc_except_table.*)

.exception_ranges
 *(.exception_ranges .exception_ranges*)

.tdata
 *(.tdata .tdata.* .gnu.linkonce.td.*)

.tbss
 *(.tbss .tbss.* .gnu.linkonce.tb.*)
 *(.tcommon)

.preinit_array  0x0000000000015000        0x0
                0x0000000000015000                PROVIDE (__preinit_array_start, .)
 *(.preinit_array)
                0x0000000000015000                PROVIDE (__preinit_array_end, .)

.init_array     0x0000000000015000        0x0
                0x0000000000015000                PROVIDE (__init_array_start, .)
 *(SORT(.init_array.*) SORT(.ctors.*))
 *(.init_array EXCLUDE_FILE(*crtend?.o *crtend.o *crtbegin?.o *crtbegin.o) .ctors)
                0x0000000000015000                PROVIDE (__init_array_end, .)

.fini_array     0x0000000000015000        0x0
                0x0000000000015000                PROVIDE (__fini_array_start, .)
 *(SORT(.fini_array.*) SORT(.dtors.*))
 *(.fini_array EXCLUDE_FILE(*crtend?.o *crtend.o *crtbegin?.o *crtbegin.o) .dtors)
                0x0000000000015000                PROVIDE (__fini_array_end, .)

.ctors
 *crtbegin.o(.ctors)
 *crtbegin?.o(.ctors)
 *(EXCLUDE_FILE(*crtend?.o *crtend.o) .ctors)
 *(SORT(.ctors.*))
 *(.ctors)

.dtors
 *crtbegin.o(.dtors)
 *crtbegin?.o(.dtors)
 *(EXCLUDE_FILE(*crtend?.o *crtend.o) .dtors)
 *(SORT(.dtors.*))
 *(.dtors)

.jcr
 *(.jcr)

.data.rel.ro
 *(.data.rel.ro.local* .gnu.linkonce.d.rel.ro.local.*)
 *(.data.rel.ro .data.rel.ro.* .gnu.linkonce.d.rel.ro.*)

.dynamic
 *(.dynamic)

.got
 *(.got)
 *(.igot)
                0x0000000000015000                . = DATA_SEGMENT_RELRO_END (., (SIZEOF (.got.plt) >= 0xc)?0xc:0x0)

.got.plt        0x0000000000015000        0x0
 *(.got.plt)
 *(.igot.plt)
 .igot.plt      0x0000000000000000        0x0 kernel/kernel.o

.data           0x0000000000015000      0x814
 *(.data .data.* .gnu.linkonce.d.*)
 .data          0x0000000000015000        0x2 kernel/kernel.o
 .data          0x0000000000015002        0x0 kernel/start.o
 .data          0x0000000000015002        0x0 kernel/main.o
 .data          0x0000000000015002        0x0 kernel/clock.o
 *fill*         0x0000000000015002       0x1e 
 .data          0x0000000000015020      0x600 kernel/keyboard.o
                0x0000000000015020                keymap
 .data          0x0000000000015620       0x22 kernel/tty.o
 .data          0x0000000000015642        0x0 kernel/console.o
 .data          0x0000000000015642        0x0 kernel/i8259.o
 *fill*         0x0000000000015642       0x1e 
 .data          0x0000000000015660      0x1b4 kernel/global.o
                0x0000000000015660                task_table
                0x0000000000015740                user_proc_table
                0x00000000000157e0                sys_call_table
                0x00000000000157ec                dd_map
                0x0000000000015804                fsbuf
                0x0000000000015808                mmbuf
                0x000000000001580c                logbuf
                0x0000000000015810                logdiskbuf
 .data          0x0000000000015814        0x0 kernel/protect.o
 .data          0x0000000000015814        0x0 kernel/proc.o
 .data          0x0000000000015814        0x0 kernel/systask.o
 .data          0x0000000000015814        0x0 kernel/hd.o
 .data          0x0000000000015814        0x0 kernel/klib.o
 .data          0x0000000000015814        0x0 lib/syslog.o
 .data          0x0000000000015814        0x0 mm/main.o
 .data          0x0000000000015814        0x0 mm/forkexit.o
 .data          0x0000000000015814        0x0 mm/exec.o
 .data          0x0000000000015814        0x0 fs/main.o
 .data          0x0000000000015814        0x0 fs/open.o
 .data          0x0000000000015814        0x0 fs/misc.o
 .data          0x0000000000015814        0x0 fs/read_write.o
 .data          0x0000000000015814        0x0 fs/link.o
 .data          0x0000000000015814        0x0 fs/disklog.o
 .data          0x0000000000015814        0x0 lib/orangescrt.a(printf.o)
 .data          0x0000000000015814        0x0 lib/orangescrt.a(vsprintf.o)
 .data          0x0000000000015814        0x0 lib/orangescrt.a(misc.o)
 .data          0x0000000000015814        0x0 lib/orangescrt.a(ls.o)
 .data          0x0000000000015814        0x0 lib/orangescrt.a(mkdir.o)
 .data          0x0000000000015814        0x0 lib/orangescrt.a(open.o)
 .data          0x0000000000015814        0x0 lib/orangescrt.a(read.o)
 .data          0x0000000000015814        0x0 lib/orangescrt.a(write.o)
 .data          0x0000000000015814        0x0 lib/orangescrt.a(close.o)
 .data          0x0000000000015814        0x0 lib/orangescrt.a(lseek.o)
 .data          0x0000000000015814        0x0 lib/orangescrt.a(getpid.o)
 .data          0x0000000000015814        0x0 lib/orangescrt.a(stat.o)
 .data          0x0000000000015814        0x0 lib/orangescrt.a(fork.o)
 .data          0x0000000000015814        0x0 lib/orangescrt.a(wait.o)
 .data          0x0000000000015814        0x0 lib/orangescrt.a(exec.o)

.data1
 *(.data1)
                0x0000000000015814                _edata = .
                0x0000000000015814                PROVIDE (edata, .)
                0x0000000000015814                . = .
                0x0000000000015814                __bss_start = .

.bss            0x0000000000015820    0x2bf88
 *(.dynbss)
 *(.bss .bss.* .gnu.linkonce.b.*)
 .bss           0x0000000000015820     0x1000 kernel/kernel.o
 .bss           0x0000000000016820        0x0 kernel/start.o
 .bss           0x0000000000016820        0x0 kernel/main.o
 .bss           0x0000000000016820        0x0 kernel/clock.o
 .bss           0x0000000000016820       0x58 kernel/keyboard.o
 .bss           0x0000000000016878        0x0 kernel/tty.o
 .bss           0x0000000000016878        0x0 kernel/console.o
 .bss           0x0000000000016878        0x0 kernel/i8259.o
 .bss           0x0000000000016878        0x0 kernel/global.o
 .bss           0x0000000000016878        0x0 kernel/protect.o
 .bss           0x0000000000016878        0x0 kernel/proc.o
 .bss           0x0000000000016878        0x0 kernel/systask.o
 *fill*         0x0000000000016878        0x8 
 .bss           0x0000000000016880      0x64c kernel/hd.o
 .bss           0x0000000000016ecc        0x0 kernel/klib.o
 .bss           0x0000000000016ecc        0x0 lib/syslog.o
 .bss           0x0000000000016ecc        0x0 mm/main.o
 .bss           0x0000000000016ecc        0x0 mm/forkexit.o
 .bss           0x0000000000016ecc        0x0 mm/exec.o
 .bss           0x0000000000016ecc        0x0 fs/main.o
 .bss           0x0000000000016ecc        0x0 fs/open.o
 .bss           0x0000000000016ecc        0x0 fs/misc.o
 .bss           0x0000000000016ecc        0x0 fs/read_write.o
 .bss           0x0000000000016ecc        0x0 fs/link.o
 *fill*         0x0000000000016ecc       0x14 
 .bss           0x0000000000016ee0      0x208 fs/disklog.o
 .bss           0x00000000000170e8        0x0 lib/orangescrt.a(printf.o)
 .bss           0x00000000000170e8        0x0 lib/orangescrt.a(vsprintf.o)
 .bss           0x00000000000170e8        0x0 lib/orangescrt.a(misc.o)
 .bss           0x00000000000170e8        0x0 lib/orangescrt.a(ls.o)
 .bss           0x00000000000170e8        0x0 lib/orangescrt.a(mkdir.o)
 .bss           0x00000000000170e8        0x0 lib/orangescrt.a(open.o)
 .bss           0x00000000000170e8        0x0 lib/orangescrt.a(read.o)
 .bss           0x00000000000170e8        0x0 lib/orangescrt.a(write.o)
 .bss           0x00000000000170e8        0x0 lib/orangescrt.a(close.o)
 .bss           0x00000000000170e8        0x0 lib/orangescrt.a(lseek.o)
 .bss           0x00000000000170e8        0x0 lib/orangescrt.a(getpid.o)
 .bss           0x00000000000170e8        0x0 lib/orangescrt.a(stat.o)
 .bss           0x00000000000170e8        0x0 lib/orangescrt.a(fork.o)
 .bss           0x00000000000170e8        0x0 lib/orangescrt.a(wait.o)
 .bss           0x00000000000170e8        0x0 lib/orangescrt.a(exec.o)
 *(COMMON)
 *fill*         0x00000000000170e8       0x18 
 COMMON         0x0000000000017100    0x2a698 kernel/global.o
                0x0000000000017100                idt_ptr
                0x0000000000017120                inode_table
                0x0000000000017c20                task_stack
                0x000000000003bc20                k_reenter
                0x000000000003bc40                gdt
                0x000000000003c040                current_console
                0x000000000003c044                pcaller
                0x000000000003c060                tty_table
                0x000000000003cce0                tss
                0x000000000003cd60                fs_msg
                0x000000000003cd90                memory_size
                0x000000000003cda0                f_desc_table
                0x000000000003d1a0                root_inode
                0x000000000003d1a4                disp_pos
                0x000000000003d1c0                mm_msg
                0x000000000003d1f0                key_pressed
                0x000000000003d1f4                gdt_ptr
                0x000000000003d200                idt
                0x000000000003da00                super_block
                0x000000000003dbe0                ticks
                0x000000000003dc00                console_table
                0x000000000003dc40                irq_table
                0x000000000003dc80                p_proc_ready
                0x000000000003dca0                proc_table
 COMMON         0x0000000000041798       0x10 kernel/hd.o
                0x0000000000041798                PARTITION_ENTRY
                0x00000000000417a8                . = ALIGN ((. != 0x0)?0x4:0x1)
                0x00000000000417a8                . = ALIGN (0x4)
                0x00000000000417a8                . = SEGMENT_START ("ldata-segment", .)
                0x00000000000417a8                . = ALIGN (0x4)
                0x00000000000417a8                _end = .
                0x00000000000417a8                PROVIDE (end, .)
                0x00000000000417a8                . = DATA_SEGMENT_END (.)

.stab
 *(.stab)

.stabstr
 *(.stabstr)

.stab.excl
 *(.stab.excl)

.stab.exclstr
 *(.stab.exclstr)

.stab.index
 *(.stab.index)

.stab.indexstr
 *(.stab.indexstr)

.comment        0x0000000000000000       0x2b
 *(.comment)
 .comment       0x0000000000000000       0x2b kernel/start.o
                                         0x2c (size before relaxing)
 .comment       0x0000000000000000       0x2c kernel/main.o
 .comment       0x0000000000000000       0x2c kernel/clock.o
 .comment       0x0000000000000000       0x2c kernel/keyboard.o
 .comment       0x0000000000000000       0x2c kernel/tty.o
 .comment       0x0000000000000000       0x2c kernel/console.o
 .comment       0x0000000000000000       0x2c kernel/i8259.o
 .comment       0x0000000000000000       0x2c kernel/global.o
 .comment       0x0000000000000000       0x2c kernel/protect.o
 .comment       0x0000000000000000       0x2c kernel/proc.o
 .comment       0x0000000000000000       0x2c kernel/systask.o
 .comment       0x0000000000000000       0x2c kernel/hd.o
 .comment       0x0000000000000000       0x2c kernel/klib.o
 .comment       0x0000000000000000       0x2c lib/syslog.o
 .comment       0x0000000000000000       0x2c mm/main.o
 .comment       0x0000000000000000       0x2c mm/forkexit.o
 .comment       0x0000000000000000       0x2c mm/exec.o
 .comment       0x0000000000000000       0x2c fs/main.o
 .comment       0x0000000000000000       0x2c fs/open.o
 .comment       0x0000000000000000       0x2c fs/misc.o
 .comment       0x0000000000000000       0x2c fs/read_write.o
 .comment       0x0000000000000000       0x2c fs/link.o
 .comment       0x0000000000000000       0x2c fs/disklog.o
 .comment       0x0000000000000000       0x2c lib/orangescrt.a(printf.o)
 .comment       0x0000000000000000       0x2c lib/orangescrt.a(vsprintf.o)
 .comment       0x0000000000000000       0x2c lib/orangescrt.a(misc.o)
 .comment       0x0000000000000000       0x2c lib/orangescrt.a(ls.o)
 .comment       0x0000000000000000       0x2c lib/orangescrt.a(mkdir.o)
 .comment       0x0000000000000000       0x2c lib/orangescrt.a(open.o)
 .comment       0x0000000000000000       0x2c lib/orangescrt.a(read.o)
 .comment       0x0000000000000000       0x2c lib/orangescrt.a(write.o)
 .comment       0x0000000000000000       0x2c lib/orangescrt.a(close.o)
 .comment       0x0000000000000000       0x2c lib/orangescrt.a(lseek.o)
 .comment       0x0000000000000000       0x2c lib/orangescrt.a(getpid.o)
 .comment       0x0000000000000000       0x2c lib/orangescrt.a(stat.o)
 .comment       0x0000000000000000       0x2c lib/orangescrt.a(fork.o)
 .comment       0x0000000000000000       0x2c lib/orangescrt.a(wait.o)
 .comment       0x0000000000000000       0x2c lib/orangescrt.a(exec.o)

.debug
 *(.debug)

.line
 *(.line)

.debug_srcinfo
 *(.debug_srcinfo)

.debug_sfnames
 *(.debug_sfnames)

.debug_aranges
 *(.debug_aranges)

.debug_pubnames
 *(.debug_pubnames)

.debug_info
 *(.debug_info .gnu.linkonce.wi.*)

.debug_abbrev
 *(.debug_abbrev)

.debug_line
 *(.debug_line .debug_line.* .debug_line_end)

.debug_frame
 *(.debug_frame)

.debug_str
 *(.debug_str)

.debug_loc
 *(.debug_loc)

.debug_macinfo
 *(.debug_macinfo)

.debug_weaknames
 *(.debug_weaknames)

.debug_funcnames
 *(.debug_funcnames)

.debug_typenames
 *(.debug_typenames)

.debug_varnames
 *(.debug_varnames)

.debug_pubtypes
 *(.debug_pubtypes)

.debug_ranges
 *(.debug_ranges)

.debug_macro
 *(.debug_macro)

.gnu.attributes
 *(.gnu.attributes)

/DISCARD/
 *(.note.GNU-stack)
 *(.gnu_debuglink)
 *(.gnu.lto_*)
OUTPUT(kernel.bin elf32-i386)
