Archive member included to satisfy reference by file (symbol)

lib/orangescrt.a(printf.o)    kernel/main.o (printf)
lib/orangescrt.a(vsprintf.o)  kernel/main.o (vsprintf)
lib/orangescrt.a(string.o)    kernel/start.o (memcpy)
lib/orangescrt.a(misc.o)      kernel/main.o (send_recv)
lib/orangescrt.a(ls.o)        kernel/main.o (ls)
lib/orangescrt.a(mkdir.o)     kernel/main.o (mkdir)
lib/orangescrt.a(open.o)      kernel/main.o (open)
lib/orangescrt.a(read.o)      kernel/main.o (read)
lib/orangescrt.a(write.o)     kernel/main.o (write)
lib/orangescrt.a(close.o)     kernel/main.o (close)
lib/orangescrt.a(lseek.o)     kernel/main.o (lseek)
lib/orangescrt.a(getpid.o)    fs/disklog.o (getpid)
lib/orangescrt.a(stat.o)      mm/exec.o (stat)
lib/orangescrt.a(fork.o)      kernel/main.o (fork)
lib/orangescrt.a(wait.o)      kernel/main.o (wait)
lib/orangescrt.a(exec.o)      kernel/main.o (execv)
lib/orangescrt.a(syscall.o)   lib/orangescrt.a(misc.o) (sendrec)

Allocating common symbols
Common symbol       size              file

idt_ptr             0x6               kernel/global.o
inode_table         0xb00             kernel/global.o
task_stack          0x24000           kernel/global.o
k_reenter           0x4               kernel/global.o
gdt                 0x400             kernel/global.o
current_console     0x4               kernel/global.o
pcaller             0x4               kernel/global.o
tty_table           0xc6c             kernel/global.o
tss                 0x68              kernel/global.o
fs_msg              0x30              kernel/global.o
memory_size         0x4               kernel/global.o
f_desc_table        0x400             kernel/global.o
root_inode          0x4               kernel/global.o
disp_pos            0x4               kernel/global.o
mm_msg              0x30              kernel/global.o
key_pressed         0x4               kernel/global.o
gdt_ptr             0x6               kernel/global.o
idt                 0x800             kernel/global.o
super_block         0x1e0             kernel/global.o
PARTITION_ENTRY     0x10              kernel/hd.o
ticks               0x4               kernel/global.o
console_table       0x3c              kernel/global.o
irq_table           0x40              kernel/global.o
p_proc_ready        0x4               kernel/global.o
proc_table          0x3af8            kernel/global.o

Discarded input sections

 .note.GNU-stack
                0x0000000000000000        0x0 kernel/start.o
 .note.GNU-stack
                0x0000000000000000        0x0 kernel/main.o
 .note.GNU-stack
                0x0000000000000000        0x0 kernel/clock.o
 .note.GNU-stack
                0x0000000000000000        0x0 kernel/keyboard.o
 .note.GNU-stack
                0x0000000000000000        0x0 kernel/tty.o
 .note.GNU-stack
                0x0000000000000000        0x0 kernel/console.o
 .note.GNU-stack
                0x0000000000000000        0x0 kernel/i8259.o
 .note.GNU-stack
                0x0000000000000000        0x0 kernel/global.o
 .note.GNU-stack
                0x0000000000000000        0x0 kernel/protect.o
 .note.GNU-stack
                0x0000000000000000        0x0 kernel/proc.o
 .note.GNU-stack
                0x0000000000000000        0x0 kernel/systask.o
 .note.GNU-stack
                0x0000000000000000        0x0 kernel/hd.o
 .note.GNU-stack
                0x0000000000000000        0x0 kernel/klib.o
 .note.GNU-stack
                0x0000000000000000        0x0 lib/syslog.o
 .note.GNU-stack
                0x0000000000000000        0x0 mm/main.o
 .note.GNU-stack
                0x0000000000000000        0x0 mm/forkexit.o
 .note.GNU-stack
                0x0000000000000000        0x0 mm/exec.o
 .note.GNU-stack
                0x0000000000000000        0x0 fs/main.o
 .note.GNU-stack
                0x0000000000000000        0x0 fs/open.o
 .note.GNU-stack
                0x0000000000000000        0x0 fs/misc.o
 .note.GNU-stack
                0x0000000000000000        0x0 fs/read_write.o
 .note.GNU-stack
                0x0000000000000000        0x0 fs/link.o
 .note.GNU-stack
                0x0000000000000000        0x0 fs/disklog.o
 .note.GNU-stack
                0x0000000000000000        0x0 lib/orangescrt.a(printf.o)
 .note.GNU-stack
                0x0000000000000000        0x0 lib/orangescrt.a(vsprintf.o)
 .note.GNU-stack
                0x0000000000000000        0x0 lib/orangescrt.a(misc.o)
 .note.GNU-stack
                0x0000000000000000        0x0 lib/orangescrt.a(ls.o)
 .note.GNU-stack
                0x0000000000000000        0x0 lib/orangescrt.a(mkdir.o)
 .note.GNU-stack
                0x0000000000000000        0x0 lib/orangescrt.a(open.o)
 .note.GNU-stack
                0x0000000000000000        0x0 lib/orangescrt.a(read.o)
 .note.GNU-stack
                0x0000000000000000        0x0 lib/orangescrt.a(write.o)
 .note.GNU-stack
                0x0000000000000000        0x0 lib/orangescrt.a(close.o)
 .note.GNU-stack
                0x0000000000000000        0x0 lib/orangescrt.a(lseek.o)
 .note.GNU-stack
                0x0000000000000000        0x0 lib/orangescrt.a(getpid.o)
 .note.GNU-stack
                0x0000000000000000        0x0 lib/orangescrt.a(stat.o)
 .note.GNU-stack
                0x0000000000000000        0x0 lib/orangescrt.a(fork.o)
 .note.GNU-stack
                0x0000000000000000        0x0 lib/orangescrt.a(wait.o)
 .note.GNU-stack
                0x0000000000000000        0x0 lib/orangescrt.a(exec.o)

Memory Configuration

Name             Origin             Length             Attributes
*default*        0x0000000000000000 0xffffffffffffffff

Linker script and memory map

Address of section .text set to 0x1000
LOAD kernel/kernel.o
LOAD kernel/start.o
LOAD kernel/main.o
LOAD kernel/clock.o
LOAD kernel/keyboard.o
LOAD kernel/tty.o
LOAD kernel/console.o
LOAD kernel/i8259.o
LOAD kernel/global.o
LOAD kernel/protect.o
LOAD kernel/proc.o
LOAD kernel/systask.o
LOAD kernel/hd.o
LOAD kernel/kliba.o
LOAD kernel/klib.o
LOAD lib/syslog.o
LOAD mm/main.o
LOAD mm/forkexit.o
LOAD mm/exec.o
LOAD fs/main.o
LOAD fs/open.o
LOAD fs/misc.o
LOAD fs/read_write.o
LOAD fs/link.o
LOAD fs/disklog.o
LOAD lib/orangescrt.a
                0x0000000008048000                PROVIDE (__executable_start, 0x8048000)
                0x0000000008048094                . = (0x8048000 + SIZEOF_HEADERS)

.interp
 *(.interp)

.note.gnu.build-id
 *(.note.gnu.build-id)

.hash
 *(.hash)

.gnu.hash
 *(.gnu.hash)

.dynsym
 *(.dynsym)

.dynstr
 *(.dynstr)

.gnu.version
 *(.gnu.version)

.gnu.version_d
 *(.gnu.version_d)

.gnu.version_r
 *(.gnu.version_r)

.rel.dyn        0x0000000008048094        0x0
 *(.rel.init)
 *(.rel.text .rel.text.* .rel.gnu.linkonce.t.*)
 .rel.text      0x0000000000000000        0x0 kernel/kernel.o
 *(.rel.fini)
 *(.rel.rodata .rel.rodata.* .rel.gnu.linkonce.r.*)
 *(.rel.data.rel.ro .rel.data.rel.ro.* .rel.gnu.linkonce.d.rel.ro.*)
 *(.rel.data .rel.data.* .rel.gnu.linkonce.d.*)
 .rel.data      0x0000000000000000        0x0 kernel/kernel.o
 *(.rel.tdata .rel.tdata.* .rel.gnu.linkonce.td.*)
 *(.rel.tbss .rel.tbss.* .rel.gnu.linkonce.tb.*)
 *(.rel.ctors)
 *(.rel.dtors)
 *(.rel.got)
 *(.rel.bss .rel.bss.* .rel.gnu.linkonce.b.*)
 *(.rel.ifunc)

.rel.plt        0x0000000008048094        0x0
 *(.rel.plt)
                0x0000000008048094                PROVIDE (__rel_iplt_start, .)
 *(.rel.iplt)
 .rel.iplt      0x0000000000000000        0x0 kernel/kernel.o
                0x0000000008048094                PROVIDE (__rel_iplt_end, .)

.init
 *(SORT(.init))

.plt            0x00000000080480a0        0x0
 *(.plt)
 *(.iplt)
 .iplt          0x0000000000000000        0x0 kernel/kernel.o

.text           0x0000000000001000     0xfb78
 *(.text.unlikely .text.*_unlikely .text.unlikely.*)
 *(.text.exit .text.exit.*)
 *(.text.startup .text.startup.*)
 *(.text.hot .text.hot.*)
 *(.text .stub .text.* .gnu.linkonce.t.*)
 .text          0x0000000000001000      0x410 kernel/kernel.o
                0x0000000000001000                _start
                0x0000000000001040                hwint00
                0x0000000000001070                hwint01
                0x00000000000010a0                hwint02
                0x00000000000010d0                hwint03
                0x0000000000001100                hwint04
                0x0000000000001130                hwint05
                0x0000000000001160                hwint06
                0x0000000000001190                hwint07
                0x00000000000011c0                hwint08
                0x00000000000011f0                hwint09
                0x0000000000001220                hwint10
                0x0000000000001250                hwint11
                0x0000000000001280                hwint12
                0x00000000000012b0                hwint13
                0x00000000000012e0                hwint14
                0x0000000000001310                hwint15
                0x0000000000001334                divide_error
                0x000000000000133a                single_step_exception
                0x0000000000001340                nmi
                0x0000000000001346                breakpoint_exception
                0x000000000000134c                overflow
                0x0000000000001352                bounds_check
                0x0000000000001358                inval_opcode
                0x000000000000135e                copr_not_available
                0x0000000000001364                double_fault
                0x0000000000001368                copr_seg_overrun
                0x000000000000136e                inval_tss
                0x0000000000001372                segment_not_present
                0x0000000000001376                stack_exception
                0x000000000000137a                general_protection
                0x000000000000137e                page_fault
                0x0000000000001382                copr_error
                0x00000000000013cb                sys_call
                0x00000000000013eb                restart
 .text          0x0000000000001410       0x8e kernel/start.o
                0x0000000000001410                cstart
 .text          0x000000000000149e     0x36d4 kernel/main.o
                0x000000000000149e                p0
                0x00000000000014ce                animation
                0x0000000000003711                kernel_main
                0x0000000000003a46                get_ticks
                0x0000000000003a7e                untar
                0x0000000000003d6b                shabby_shell
                0x0000000000003fc7                clear
                0x0000000000004052                clearArr
                0x000000000000407a                addTwoString
                0x0000000000004110                shell
                0x0000000000004a4f                Init
                0x0000000000004a54                TestA
                0x0000000000004a68                TestB
                0x0000000000004a6d                TestC
                0x0000000000004a72                panic
                0x0000000000004ac2                help
 .text          0x0000000000004b72      0x115 kernel/clock.o
                0x0000000000004b72                clock_handler
                0x0000000000004bea                milli_delay
                0x0000000000004c23                init_clock
 .text          0x0000000000004c87      0x6cf kernel/keyboard.o
                0x0000000000004c87                keyboard_handler
                0x0000000000004ced                init_keyboard
                0x0000000000004d9c                keyboard_read
 .text          0x0000000000005356      0x9d3 kernel/tty.o
                0x0000000000005356                task_tty
                0x000000000000550a                in_process
                0x0000000000005a30                sys_printx
                0x0000000000005bd2                dump_tty_buf
 .text          0x0000000000005d29      0x7e1 kernel/console.o
                0x0000000000005d29                init_screen
                0x0000000000005e9a                out_char
                0x0000000000006157                clear_screen
                0x0000000000006190                is_current_console
                0x0000000000006285                select_console
                0x00000000000062c0                scroll_screen
 .text          0x000000000000650a      0x13c kernel/i8259.o
                0x000000000000650a                init_8259A
                0x00000000000065fb                spurious_irq
                0x0000000000006626                put_irq_handler
 .text          0x0000000000006646        0x0 kernel/global.o
 .text          0x0000000000006646      0x842 kernel/protect.o
                0x0000000000006646                init_prot
                0x0000000000006ca0                seg2linear
                0x0000000000006cef                init_desc
                0x0000000000006d5b                exception_handler
 .text          0x0000000000006e88     0x18aa kernel/proc.o
                0x0000000000006e88                schedule
                0x0000000000006f13                sys_sendrec
                0x0000000000007072                ldt_seg_linear
                0x00000000000070bc                va2la
                0x000000000000712b                reset_msg
                0x00000000000080f2                inform_int
                0x0000000000008288                dump_proc
                0x00000000000085eb                dump_msg
 .text          0x0000000000008732      0x2cf kernel/systask.o
                0x0000000000008732                task_sys
 .text          0x0000000000008a01      0xd88 kernel/hd.o
                0x0000000000008a01                task_hd
                0x0000000000009764                hd_handler
 *fill*         0x0000000000009789        0x7 
 .text          0x0000000000009790      0x19a kernel/kliba.o
                0x0000000000009790                disp_str
                0x00000000000097ce                disp_color_str
                0x000000000000980d                out_byte
                0x0000000000009819                in_byte
                0x0000000000009823                port_read
                0x0000000000009836                port_write
                0x0000000000009849                disable_irq
                0x000000000000987e                enable_irq
                0x000000000000989d                disable_int
                0x000000000000989f                enable_int
                0x00000000000098a1                glitter
 .text          0x000000000000992a      0x2d2 kernel/klib.o
                0x000000000000992a                get_boot_params
                0x00000000000099ca                get_kernel_map
                0x0000000000009ae6                itoa
                0x0000000000009b91                disp_int
                0x0000000000009bb6                delay
 .text          0x0000000000009bfc       0x75 lib/syslog.o
                0x0000000000009bfc                syslog
 .text          0x0000000000009c71      0x1d9 mm/main.o
                0x0000000000009c71                task_mm
                0x0000000000009db7                alloc_mem
                0x0000000000009e40                free_mem
 .text          0x0000000000009e4a      0x620 mm/forkexit.o
                0x0000000000009e4a                do_fork
                0x000000000000a1e6                do_exit
                0x000000000000a3b1                do_wait
 .text          0x000000000000a46a      0x392 mm/exec.o
                0x000000000000a46a                do_exec
 .text          0x000000000000a7fc     0x12e4 fs/main.o
                0x000000000000a7fc                task_fs
                0x000000000000b47e                rw_sector
                0x000000000000b6b8                get_super_block
                0x000000000000b6fe                get_inode
                0x000000000000b86c                put_inode
                0x000000000000b8b1                sync_inode
 .text          0x000000000000bae0     0x1020 fs/open.o
                0x000000000000bae0                do_open
                0x000000000000c133                do_close
                0x000000000000c1aa                do_ls
                0x000000000000c3b9                do_mkdir
                0x000000000000c4aa                do_lseek
 .text          0x000000000000cb00      0x3f6 fs/misc.o
                0x000000000000cb00                do_stat
                0x000000000000ccf1                search_file
                0x000000000000ce6a                strip_path
 .text          0x000000000000cef6      0x522 fs/read_write.o
                0x000000000000cef6                do_rdwt
 .text          0x000000000000d418      0x8f6 fs/link.o
                0x000000000000d418                do_unlink
 .text          0x000000000000dd0e     0x2142 fs/disklog.o
                0x000000000000dd0e                disklog
                0x000000000000e354                dump_fd_graph
 .text          0x000000000000fe50       0xc0 lib/orangescrt.a(printf.o)
                0x000000000000fe50                printf
                0x000000000000fecf                printl
 .text          0x000000000000ff10      0x318 lib/orangescrt.a(vsprintf.o)
                0x000000000000ff73                vsprintf
                0x00000000000101fe                sprintf
 *fill*         0x0000000000010228        0x8 
 .text          0x0000000000010230       0x78 lib/orangescrt.a(string.o)
                0x0000000000010230                memcpy
                0x0000000000010259                memset
                0x000000000001027a                strcpy
                0x0000000000010292                strlen
 .text          0x00000000000102a8      0x288 lib/orangescrt.a(misc.o)
                0x00000000000102a8                send_recv
                0x0000000000010388                memcmp
                0x00000000000103fe                strcmp
                0x0000000000010470                strcat
                0x00000000000104cf                spin
                0x00000000000104ea                assertion_failure
 .text          0x0000000000010530       0x48 lib/orangescrt.a(ls.o)
                0x0000000000010530                ls
 .text          0x0000000000010578       0x74 lib/orangescrt.a(mkdir.o)
                0x0000000000010578                mkdir
 .text          0x00000000000105ec       0x73 lib/orangescrt.a(open.o)
                0x00000000000105ec                open
 .text          0x000000000001065f       0x3f lib/orangescrt.a(read.o)
                0x000000000001065f                read
 .text          0x000000000001069e       0x3f lib/orangescrt.a(write.o)
                0x000000000001069e                write
 .text          0x00000000000106dd       0x33 lib/orangescrt.a(close.o)
                0x00000000000106dd                close
 .text          0x0000000000010710       0x3f lib/orangescrt.a(lseek.o)
                0x0000000000010710                lseek
 .text          0x000000000001074f       0x59 lib/orangescrt.a(getpid.o)
                0x000000000001074f                getpid
 .text          0x00000000000107a8       0x73 lib/orangescrt.a(stat.o)
                0x00000000000107a8                stat
 .text          0x000000000001081b       0x84 lib/orangescrt.a(fork.o)
                0x000000000001081b                fork
 .text          0x000000000001089f       0x44 lib/orangescrt.a(wait.o)
                0x000000000001089f                wait
 .text          0x00000000000108e3      0x263 lib/orangescrt.a(exec.o)
                0x00000000000108e3                exec
                0x000000000001095e                execl
                0x0000000000010984                execv
 *fill*         0x0000000000010b46        0xa 
 .text          0x0000000000010b50       0x28 lib/orangescrt.a(syscall.o)
                0x0000000000010b50                sendrec
                0x0000000000010b6a                printx
 *(.gnu.warning)

.fini
 *(SORT(.fini))
                0x0000000000010b78                PROVIDE (__etext, .)
                0x0000000000010b78                PROVIDE (_etext, .)
                0x0000000000010b78                PROVIDE (etext, .)

.rodata         0x0000000000010b80     0x2bc7
 *(.rodata .rodata.* .gnu.linkonce.r.*)
 .rodata        0x0000000000010b80       0x47 kernel/start.o
 *fill*         0x0000000000010bc7        0x1 
 .rodata        0x0000000000010bc8      0x6dd kernel/main.o
 *fill*         0x00000000000112a5        0x3 
 .rodata        0x00000000000112a8       0x64 kernel/keyboard.o
 .rodata        0x000000000001130c      0x13c kernel/tty.o
 .rodata        0x0000000000011448       0x5b kernel/console.o
 .rodata        0x00000000000114a3       0x11 kernel/i8259.o
 .rodata        0x00000000000114b4       0x10 kernel/global.o
                0x00000000000114b4                FSBUF_SIZE
                0x00000000000114b8                MMBUF_SIZE
                0x00000000000114bc                LOGBUF_SIZE
                0x00000000000114c0                LOGDISKBUF_SIZE
 *fill*         0x00000000000114c4       0x1c 
 .rodata        0x00000000000114e0      0x580 kernel/protect.o
 .rodata        0x0000000000011a60      0x5da kernel/proc.o
 .rodata        0x000000000001203a       0x11 kernel/systask.o
 *fill*         0x000000000001204b        0x1 
 .rodata        0x000000000001204c      0x15c kernel/hd.o
 .rodata        0x00000000000121a8       0x6a kernel/klib.o
 .rodata        0x0000000000012212       0x1e lib/syslog.o
 .rodata        0x0000000000012230       0xb1 mm/main.o
 *fill*         0x00000000000122e1        0x3 
 .rodata        0x00000000000122e4       0xe7 mm/forkexit.o
 *fill*         0x00000000000123cb        0x1 
 .rodata        0x00000000000123cc       0xa4 mm/exec.o
 .rodata        0x0000000000012470      0x30e fs/main.o
 *fill*         0x000000000001277e        0x2 
 .rodata        0x0000000000012780      0x240 fs/open.o
 .rodata        0x00000000000129c0       0x60 fs/misc.o
 .rodata        0x0000000000012a20      0x164 fs/read_write.o
 .rodata        0x0000000000012b84      0x1ad fs/link.o
 *fill*         0x0000000000012d31        0x3 
 .rodata        0x0000000000012d34      0x806 fs/disklog.o
 .rodata        0x000000000001353a       0x14 lib/orangescrt.a(printf.o)
 *fill*         0x000000000001354e        0x2 
 .rodata        0x0000000000013550       0xad lib/orangescrt.a(misc.o)
 .rodata        0x00000000000135fd       0x24 lib/orangescrt.a(mkdir.o)
 .rodata        0x0000000000013621       0x23 lib/orangescrt.a(open.o)
 .rodata        0x0000000000013644       0x25 lib/orangescrt.a(getpid.o)
 .rodata        0x0000000000013669       0x23 lib/orangescrt.a(stat.o)
 .rodata        0x000000000001368c       0x33 lib/orangescrt.a(fork.o)
 *fill*         0x00000000000136bf        0x1 
 .rodata        0x00000000000136c0       0x87 lib/orangescrt.a(exec.o)

.rodata1
 *(.rodata1)

.eh_frame_hdr
 *(.eh_frame_hdr)

.eh_frame       0x0000000000013748     0x1448
 *(.eh_frame)
 .eh_frame      0x0000000000013748       0x38 kernel/start.o
 .eh_frame      0x0000000000013780      0x1ec kernel/main.o
                                        0x204 (size before relaxing)
 .eh_frame      0x000000000001396c       0x60 kernel/clock.o
                                         0x78 (size before relaxing)
 .eh_frame      0x00000000000139cc       0xe0 kernel/keyboard.o
                                         0xf8 (size before relaxing)
 .eh_frame      0x0000000000013aac      0x13c kernel/tty.o
                                        0x154 (size before relaxing)
 .eh_frame      0x0000000000013be8      0x148 kernel/console.o
                                        0x160 (size before relaxing)
 .eh_frame      0x0000000000013d30       0x60 kernel/i8259.o
                                         0x78 (size before relaxing)
 .eh_frame      0x0000000000013d90       0xb0 kernel/protect.o
                                         0xc8 (size before relaxing)
 .eh_frame      0x0000000000013e40      0x1c0 kernel/proc.o
                                        0x1d8 (size before relaxing)
 .eh_frame      0x0000000000014000       0x5c kernel/systask.o
                                         0x74 (size before relaxing)
 .eh_frame      0x000000000001405c      0x1e8 kernel/hd.o
                                        0x200 (size before relaxing)
 .eh_frame      0x0000000000014244       0xa0 kernel/klib.o
                                         0xb8 (size before relaxing)
 .eh_frame      0x00000000000142e4       0x20 lib/syslog.o
                                         0x38 (size before relaxing)
 .eh_frame      0x0000000000014304       0x7c mm/main.o
                                         0x94 (size before relaxing)
 .eh_frame      0x0000000000014380       0x90 mm/forkexit.o
                                         0xa8 (size before relaxing)
 .eh_frame      0x0000000000014410       0x2c mm/exec.o
                                         0x44 (size before relaxing)
 .eh_frame      0x000000000001443c      0x174 fs/main.o
                                        0x18c (size before relaxing)
 .eh_frame      0x00000000000145b0      0x194 fs/open.o
                                        0x1ac (size before relaxing)
 .eh_frame      0x0000000000014744       0x70 fs/misc.o
                                         0x88 (size before relaxing)
 .eh_frame      0x00000000000147b4       0x2c fs/read_write.o
                                         0x44 (size before relaxing)
 .eh_frame      0x00000000000147e0       0x2c fs/link.o
                                         0x44 (size before relaxing)
 .eh_frame      0x000000000001480c       0x60 fs/disklog.o
                                         0x78 (size before relaxing)
 .eh_frame      0x000000000001486c       0x40 lib/orangescrt.a(printf.o)
                                         0x58 (size before relaxing)
 .eh_frame      0x00000000000148ac       0x68 lib/orangescrt.a(vsprintf.o)
                                         0x80 (size before relaxing)
 .eh_frame      0x0000000000014914       0xbc lib/orangescrt.a(misc.o)
                                         0xd4 (size before relaxing)
 .eh_frame      0x00000000000149d0       0x20 lib/orangescrt.a(ls.o)
                                         0x38 (size before relaxing)
 .eh_frame      0x00000000000149f0       0x20 lib/orangescrt.a(mkdir.o)
                                         0x38 (size before relaxing)
 .eh_frame      0x0000000000014a10       0x20 lib/orangescrt.a(open.o)
                                         0x38 (size before relaxing)
 .eh_frame      0x0000000000014a30       0x20 lib/orangescrt.a(read.o)
                                         0x38 (size before relaxing)
 .eh_frame      0x0000000000014a50       0x20 lib/orangescrt.a(write.o)
                                         0x38 (size before relaxing)
 .eh_frame      0x0000000000014a70       0x20 lib/orangescrt.a(close.o)
                                         0x38 (size before relaxing)
 .eh_frame      0x0000000000014a90       0x20 lib/orangescrt.a(lseek.o)
                                         0x38 (size before relaxing)
 .eh_frame      0x0000000000014ab0       0x20 lib/orangescrt.a(getpid.o)
                                         0x38 (size before relaxing)
 .eh_frame      0x0000000000014ad0       0x20 lib/orangescrt.a(stat.o)
                                         0x38 (size before relaxing)
 .eh_frame      0x0000000000014af0       0x20 lib/orangescrt.a(fork.o)
                                         0x38 (size before relaxing)
 .eh_frame      0x0000000000014b10       0x20 lib/orangescrt.a(wait.o)
                                         0x38 (size before relaxing)
 .eh_frame      0x0000000000014b30       0x60 lib/orangescrt.a(exec.o)
                                         0x78 (size before relaxing)

.gcc_except_table
 *(.gcc_except_table .gcc_except_table.*)

.exception_ranges
 *(.exception_ranges .exception_ranges*)
                0x0000000000014b90                . = (ALIGN (0x1000) - ((0x1000 - .) & 0xfff))
                0x0000000000015000                . = DATA_SEGMENT_ALIGN (0x1000, 0x1000)

.eh_frame
 *(.eh_frame)

.gcc_except_table
 *(.gcc_except_table .gcc_except_table.*)

.exception_ranges
 *(.exception_ranges .exception_ranges*)

.tdata
 *(.tdata .tdata.* .gnu.linkonce.td.*)

.tbss
 *(.tbss .tbss.* .gnu.linkonce.tb.*)
 *(.tcommon)

.preinit_array  0x0000000000015000        0x0
                0x0000000000015000                PROVIDE (__preinit_array_start, .)
 *(.preinit_array)
                0x0000000000015000                PROVIDE (__preinit_array_end, .)

.init_array     0x0000000000015000        0x0
                0x0000000000015000                PROVIDE (__init_array_start, .)
 *(SORT(.init_array.*) SORT(.ctors.*))
 *(.init_array EXCLUDE_FILE(*crtend?.o *crtend.o *crtbegin?.o *crtbegin.o) .ctors)
                0x0000000000015000                PROVIDE (__init_array_end, .)

.fini_array     0x0000000000015000        0x0
                0x0000000000015000                PROVIDE (__fini_array_start, .)
 *(SORT(.fini_array.*) SORT(.dtors.*))
 *(.fini_array EXCLUDE_FILE(*crtend?.o *crtend.o *crtbegin?.o *crtbegin.o) .dtors)
                0x0000000000015000                PROVIDE (__fini_array_end, .)

.ctors
 *crtbegin.o(.ctors)
 *crtbegin?.o(.ctors)
 *(EXCLUDE_FILE(*crtend?.o *crtend.o) .ctors)
 *(SORT(.ctors.*))
 *(.ctors)

.dtors
 *crtbegin.o(.dtors)
 *crtbegin?.o(.dtors)
 *(EXCLUDE_FILE(*crtend?.o *crtend.o) .dtors)
 *(SORT(.dtors.*))
 *(.dtors)

.jcr
 *(.jcr)

.data.rel.ro
 *(.data.rel.ro.local* .gnu.linkonce.d.rel.ro.local.*)
 *(.data.rel.ro .data.rel.ro.* .gnu.linkonce.d.rel.ro.*)

.dynamic
 *(.dynamic)

.got
 *(.got)
 *(.igot)
                0x0000000000015000                . = DATA_SEGMENT_RELRO_END (., (SIZEOF (.got.plt) >= 0xc)?0xc:0x0)

.got.plt        0x0000000000015000        0x0
 *(.got.plt)
 *(.igot.plt)
 .igot.plt      0x0000000000000000        0x0 kernel/kernel.o

.data           0x0000000000015000      0x814
 *(.data .data.* .gnu.linkonce.d.*)
 .data          0x0000000000015000        0x2 kernel/kernel.o
 .data          0x0000000000015002        0x0 kernel/start.o
 .data          0x0000000000015002        0x0 kernel/main.o
 .data          0x0000000000015002        0x0 kernel/clock.o
 *fill*         0x0000000000015002       0x1e 
 .data          0x0000000000015020      0x600 kernel/keyboard.o
                0x0000000000015020                keymap
 .data          0x0000000000015620       0x22 kernel/tty.o
 .data          0x0000000000015642        0x0 kernel/console.o
 .data          0x0000000000015642        0x0 kernel/i8259.o
 *fill*         0x0000000000015642       0x1e 
 .data          0x0000000000015660      0x1b4 kernel/global.o
                0x0000000000015660                task_table
                0x0000000000015740                user_proc_table
                0x00000000000157e0                sys_call_table
                0x00000000000157ec                dd_map
                0x0000000000015804                fsbuf
                0x0000000000015808                mmbuf
                0x000000000001580c                logbuf
                0x0000000000015810                logdiskbuf
 .data          0x0000000000015814        0x0 kernel/protect.o
 .data          0x0000000000015814        0x0 kernel/proc.o
 .data          0x0000000000015814        0x0 kernel/systask.o
 .data          0x0000000000015814        0x0 kernel/hd.o
 .data          0x0000000000015814        0x0 kernel/klib.o
 .data          0x0000000000015814        0x0 lib/syslog.o
 .data          0x0000000000015814        0x0 mm/main.o
 .data          0x0000000000015814        0x0 mm/forkexit.o
 .data          0x0000000000015814        0x0 mm/exec.o
 .data          0x0000000000015814        0x0 fs/main.o
 .data          0x0000000000015814        0x0 fs/open.o
 .data          0x0000000000015814        0x0 fs/misc.o
 .data          0x0000000000015814        0x0 fs/read_write.o
 .data          0x0000000000015814        0x0 fs/link.o
 .data          0x0000000000015814        0x0 fs/disklog.o
 .data          0x0000000000015814        0x0 lib/orangescrt.a(printf.o)
 .data          0x0000000000015814        0x0 lib/orangescrt.a(vsprintf.o)
 .data          0x0000000000015814        0x0 lib/orangescrt.a(misc.o)
 .data          0x0000000000015814        0x0 lib/orangescrt.a(ls.o)
 .data          0x0000000000015814        0x0 lib/orangescrt.a(mkdir.o)
 .data          0x0000000000015814        0x0 lib/orangescrt.a(open.o)
 .data          0x0000000000015814        0x0 lib/orangescrt.a(read.o)
 .data          0x0000000000015814        0x0 lib/orangescrt.a(write.o)
 .data          0x0000000000015814        0x0 lib/orangescrt.a(close.o)
 .data          0x0000000000015814        0x0 lib/orangescrt.a(lseek.o)
 .data          0x0000000000015814        0x0 lib/orangescrt.a(getpid.o)
 .data          0x0000000000015814        0x0 lib/orangescrt.a(stat.o)
 .data          0x0000000000015814        0x0 lib/orangescrt.a(fork.o)
 .data          0x0000000000015814        0x0 lib/orangescrt.a(wait.o)
 .data          0x0000000000015814        0x0 lib/orangescrt.a(exec.o)

.data1
 *(.data1)
                0x0000000000015814                _edata = .
                0x0000000000015814                PROVIDE (edata, .)
                0x0000000000015814                . = .
                0x0000000000015814                __bss_start = .

.bss            0x0000000000015820    0x2bf88
 *(.dynbss)
 *(.bss .bss.* .gnu.linkonce.b.*)
 .bss           0x0000000000015820     0x1000 kernel/kernel.o
 .bss           0x0000000000016820        0x0 kernel/start.o
 .bss           0x0000000000016820        0x0 kernel/main.o
 .bss           0x0000000000016820        0x0 kernel/clock.o
 .bss           0x0000000000016820       0x58 kernel/keyboard.o
 .bss           0x0000000000016878        0x0 kernel/tty.o
 .bss           0x0000000000016878        0x0 kernel/console.o
 .bss           0x0000000000016878        0x0 kernel/i8259.o
 .bss           0x0000000000016878        0x0 kernel/global.o
 .bss           0x0000000000016878        0x0 kernel/protect.o
 .bss           0x0000000000016878        0x0 kernel/proc.o
 .bss           0x0000000000016878        0x0 kernel/systask.o
 *fill*         0x0000000000016878        0x8 
 .bss           0x0000000000016880      0x64c kernel/hd.o
 .bss           0x0000000000016ecc        0x0 kernel/klib.o
 .bss           0x0000000000016ecc        0x0 lib/syslog.o
 .bss           0x0000000000016ecc        0x0 mm/main.o
 .bss           0x0000000000016ecc        0x0 mm/forkexit.o
 .bss           0x0000000000016ecc        0x0 mm/exec.o
 .bss           0x0000000000016ecc        0x0 fs/main.o
 .bss           0x0000000000016ecc        0x0 fs/open.o
 .bss           0x0000000000016ecc        0x0 fs/misc.o
 .bss           0x0000000000016ecc        0x0 fs/read_write.o
 .bss           0x0000000000016ecc        0x0 fs/link.o
 *fill*         0x0000000000016ecc       0x14 
 .bss           0x0000000000016ee0      0x208 fs/disklog.o
 .bss           0x00000000000170e8        0x0 lib/orangescrt.a(printf.o)
 .bss           0x00000000000170e8        0x0 lib/orangescrt.a(vsprintf.o)
 .bss           0x00000000000170e8        0x0 lib/orangescrt.a(misc.o)
 .bss           0x00000000000170e8        0x0 lib/orangescrt.a(ls.o)
 .bss           0x00000000000170e8        0x0 lib/orangescrt.a(mkdir.o)
 .bss           0x00000000000170e8        0x0 lib/orangescrt.a(open.o)
 .bss           0x00000000000170e8        0x0 lib/orangescrt.a(read.o)
 .bss           0x00000000000170e8        0x0 lib/orangescrt.a(write.o)
 .bss           0x00000000000170e8        0x0 lib/orangescrt.a(close.o)
 .bss           0x00000000000170e8        0x0 lib/orangescrt.a(lseek.o)
 .bss           0x00000000000170e8        0x0 lib/orangescrt.a(getpid.o)
 .bss           0x00000000000170e8        0x0 lib/orangescrt.a(stat.o)
 .bss           0x00000000000170e8        0x0 lib/orangescrt.a(fork.o)
 .bss           0x00000000000170e8        0x0 lib/orangescrt.a(wait.o)
 .bss           0x00000000000170e8        0x0 lib/orangescrt.a(exec.o)
 *(COMMON)
 *fill*         0x00000000000170e8       0x18 
 COMMON         0x0000000000017100    0x2a698 kernel/global.o
                0x0000000000017100                idt_ptr
                0x0000000000017120                inode_table
                0x0000000000017c20                task_stack
                0x000000000003bc20                k_reenter
                0x000000000003bc40                gdt
                0x000000000003c040                current_console
                0x000000000003c044                pcaller
                0x000000000003c060                tty_table
                0x000000000003cce0                tss
                0x000000000003cd60                fs_msg
                0x000000000003cd90                memory_size
                0x000000000003cda0                f_desc_table
                0x000000000003d1a0                root_inode
                0x000000000003d1a4                disp_pos
                0x000000000003d1c0                mm_msg
                0x000000000003d1f0                key_pressed
                0x000000000003d1f4                gdt_ptr
                0x000000000003d200                idt
                0x000000000003da00                super_block
                0x000000000003dbe0                ticks
                0x000000000003dc00                console_table
                0x000000000003dc40                irq_table
                0x000000000003dc80                p_proc_ready
                0x000000000003dca0                proc_table
 COMMON         0x0000000000041798       0x10 kernel/hd.o
                0x0000000000041798                PARTITION_ENTRY
                0x00000000000417a8                . = ALIGN ((. != 0x0)?0x4:0x1)
                0x00000000000417a8                . = ALIGN (0x4)
                0x00000000000417a8                . = SEGMENT_START ("ldata-segment", .)
                0x00000000000417a8                . = ALIGN (0x4)
                0x00000000000417a8                _end = .
                0x00000000000417a8                PROVIDE (end, .)
                0x00000000000417a8                . = DATA_SEGMENT_END (.)

.stab
 *(.stab)

.stabstr
 *(.stabstr)

.stab.excl
 *(.stab.excl)

.stab.exclstr
 *(.stab.exclstr)

.stab.index
 *(.stab.index)

.stab.indexstr
 *(.stab.indexstr)

.comment        0x0000000000000000       0x2b
 *(.comment)
 .comment       0x0000000000000000       0x2b kernel/start.o
                                         0x2c (size before relaxing)
 .comment       0x0000000000000000       0x2c kernel/main.o
 .comment       0x0000000000000000       0x2c kernel/clock.o
 .comment       0x0000000000000000       0x2c kernel/keyboard.o
 .comment       0x0000000000000000       0x2c kernel/tty.o
 .comment       0x0000000000000000       0x2c kernel/console.o
 .comment       0x0000000000000000       0x2c kernel/i8259.o
 .comment       0x0000000000000000       0x2c kernel/global.o
 .comment       0x0000000000000000       0x2c kernel/protect.o
 .comment       0x0000000000000000       0x2c kernel/proc.o
 .comment       0x0000000000000000       0x2c kernel/systask.o
 .comment       0x0000000000000000       0x2c kernel/hd.o
 .comment       0x0000000000000000       0x2c kernel/klib.o
 .comment       0x0000000000000000       0x2c lib/syslog.o
 .comment       0x0000000000000000       0x2c mm/main.o
 .comment       0x0000000000000000       0x2c mm/forkexit.o
 .comment       0x0000000000000000       0x2c mm/exec.o
 .comment       0x0000000000000000       0x2c fs/main.o
 .comment       0x0000000000000000       0x2c fs/open.o
 .comment       0x0000000000000000       0x2c fs/misc.o
 .comment       0x0000000000000000       0x2c fs/read_write.o
 .comment       0x0000000000000000       0x2c fs/link.o
 .comment       0x0000000000000000       0x2c fs/disklog.o
 .comment       0x0000000000000000       0x2c lib/orangescrt.a(printf.o)
 .comment       0x0000000000000000       0x2c lib/orangescrt.a(vsprintf.o)
 .comment       0x0000000000000000       0x2c lib/orangescrt.a(misc.o)
 .comment       0x0000000000000000       0x2c lib/orangescrt.a(ls.o)
 .comment       0x0000000000000000       0x2c lib/orangescrt.a(mkdir.o)
 .comment       0x0000000000000000       0x2c lib/orangescrt.a(open.o)
 .comment       0x0000000000000000       0x2c lib/orangescrt.a(read.o)
 .comment       0x0000000000000000       0x2c lib/orangescrt.a(write.o)
 .comment       0x0000000000000000       0x2c lib/orangescrt.a(close.o)
 .comment       0x0000000000000000       0x2c lib/orangescrt.a(lseek.o)
 .comment       0x0000000000000000       0x2c lib/orangescrt.a(getpid.o)
 .comment       0x0000000000000000       0x2c lib/orangescrt.a(stat.o)
 .comment       0x0000000000000000       0x2c lib/orangescrt.a(fork.o)
 .comment       0x0000000000000000       0x2c lib/orangescrt.a(wait.o)
 .comment       0x0000000000000000       0x2c lib/orangescrt.a(exec.o)

.debug
 *(.debug)

.line
 *(.line)

.debug_srcinfo
 *(.debug_srcinfo)

.debug_sfnames
 *(.debug_sfnames)

.debug_aranges
 *(.debug_aranges)

.debug_pubnames
 *(.debug_pubnames)

.debug_info
 *(.debug_info .gnu.linkonce.wi.*)

.debug_abbrev
 *(.debug_abbrev)

.debug_line
 *(.debug_line .debug_line.* .debug_line_end)

.debug_frame
 *(.debug_frame)

.debug_str
 *(.debug_str)

.debug_loc
 *(.debug_loc)

.debug_macinfo
 *(.debug_macinfo)

.debug_weaknames
 *(.debug_weaknames)

.debug_funcnames
 *(.debug_funcnames)

.debug_typenames
 *(.debug_typenames)

.debug_varnames
 *(.debug_varnames)

.debug_pubtypes
 *(.debug_pubtypes)

.debug_ranges
 *(.debug_ranges)

.debug_macro
 *(.debug_macro)

.gnu.attributes
 *(.gnu.attributes)

/DISCARD/
 *(.note.GNU-stack)
 *(.gnu_debuglink)
 *(.gnu.lto_*)
OUTPUT(kernel.bin elf32-i386)
